// Jest Snapshot v1, https://goo.gl/fbAQLP

exports[`matches snapshot 1`] = `
<DocumentFragment>
  <div>
    <div
      class="Board-title"
    >
      <div
        class="neon-orange"
      >
        Lights
      </div>
      <div
        class="neon-blue"
      >
        Out
      </div>
    </div>
    <table
      class="Board"
    >
      <tbody>
        <tr>
          <td
            class="Cell"
          />
          <td
            class="Cell Cell-lit"
          />
          <td
            class="Cell"
          />
          <td
            class="Cell"
          />
          <td
            class="Cell"
          />
        </tr>
        <tr>
          <td
            class="Cell"
          />
          <td
            class="Cell"
          />
          <td
            class="Cell Cell-lit"
          />
          <td
            class="Cell"
          />
          <td
            class="Cell"
          />
        </tr>
        <tr>
          <td
            class="Cell Cell-lit"
          />
          <td
            class="Cell Cell-lit"
          />
          <td
            class="Cell"
          />
          <td
            class="Cell"
          />
          <td
            class="Cell Cell-lit"
          />
        </tr>
        <tr>
          <td
            class="Cell"
          />
          <td
            class="Cell"
          />
          <td
            class="Cell"
          />
          <td
            class="Cell"
          />
          <td
            class="Cell"
          />
        </tr>
        <tr>
          <td
            class="Cell Cell-lit"
          />
          <td
            class="Cell"
          />
          <td
            class="Cell"
          />
          <td
            class="Cell"
          />
          <td
            class="Cell"
          />
        </tr>
      </tbody>
    </table>
  </div>
</DocumentFragment>
`;
